// Jest Snapshot v1, https://goo.gl/fbAQLP

exports[`proper profile data is correct 1`] = `Promise {}`;
